[INFO ] MoonFlower.LearnedFeatures - Local weights not found at D:\SIH\data\weights\superpoint.pth. Operating in honest classical fallback mode (GFTT corners + SIFT descriptors).
[INFO ] MoonFlower.Pipeline - Initiating registration pipeline: Source(128x128) -> Reference(128x128)
[INFO ] MoonFlower.Pipeline - Executing pre-matching radiometric & textural image quality analysis...
[INFO ] MoonFlower.Pipeline - Source Quality: Status=OPTIMAL, Texture=RICH (6.57 bits), Contrast=HIGH
[INFO ] MoonFlower.Pipeline - Reference Quality: Status=OPTIMAL, Texture=RICH (5.77 bits), Contrast=HIGH
[INFO ] MoonFlower.Pipeline - Estimating spatial overlap between source and reference...
[INFO ] MoonFlower.Pipeline - Overlap Result: 83.1% (Level 2: Image-based approximate, Confidence: LOW)
[INFO ] MoonFlower.Pipeline - Applying 'CLAHE' illumination-invariant preprocessing...
[INFO ] MoonFlower.Pipeline - Executing 'SIFT' correspondence matching...
[INFO ] MoonFlower.Pipeline - Detected 110 tentative correspondences in 0.048s
[INFO ] MoonFlower.Pipeline - Performing geometric outlier rejection and model selection...
[INFO ] MoonFlower.Pipeline - Model Selection: SIMILARITY chosen via OpenCV_RANSAC. Reason: Selected SIMILARITY (4 DoF) as the simplest adequate model with RMSE=0.22px and 110 inliers.
[INFO ] MoonFlower.Pipeline - Geometric Verification: 110/110 inliers (100.0%)
[INFO ] MoonFlower.Pipeline - Applying Adaptive Spatial Match Balancer (6x6 grid)...
[INFO ] MoonFlower.Pipeline - Spatial Balancing: Uniformity 85.2% -> 86.8% (70 well-distributed points retained)
[INFO ] MoonFlower.Pipeline - Executing local patch NCC and 2D parabolic sub-pixel peak refinement...
[INFO ] MoonFlower.Pipeline - Sub-Pixel Refinement: 63/70 points refined. Mean adjustment: 0.734 px (Max: 1.496 px)
[INFO ] MoonFlower.Pipeline - Sub-pixel re-estimation succeeded: 70/70 inliers retained after sub-pixel geometric verification.
[INFO ] MoonFlower.Pipeline - Warping source raster into reference coordinate frame...
[INFO ] MoonFlower.Pipeline - Image warping completed. Mean absolute overlap difference: 17.32
[INFO ] MoonFlower.Pipeline - Explainable Quality Score: 92/100 (EXEMPLARY)
[INFO ] MoonFlower.Pipeline - Pipeline finished in 0.102s. Final Verified Inliers: 70/110 | RMSE: 0.754px
[INFO ] MoonFlower.LearnedFeatures - Local weights not found at D:\SIH\data\weights\superpoint.pth. Operating in honest classical fallback mode (GFTT corners + SIFT descriptors).
[INFO ] MoonFlower.LearnedFeatures - Local weights not found at D:\SIH\data\weights\superpoint.pth. Operating in honest classical fallback mode (GFTT corners + SIFT descriptors).
[INFO ] MoonFlower.LearnedFeatures - Local weights not found at D:\SIH\data\weights\superpoint.pth. Operating in honest classical fallback mode (GFTT corners + SIFT descriptors).
[INFO ] MoonFlower.Pipeline - Initiating registration pipeline: Source(256x256) -> Reference(256x256)
[INFO ] MoonFlower.Pipeline - Executing pre-matching radiometric & textural image quality analysis...
[INFO ] MoonFlower.Pipeline - Source Quality: Status=OPTIMAL, Texture=RICH (6.83 bits), Contrast=HIGH
[INFO ] MoonFlower.Pipeline - Reference Quality: Status=OPTIMAL, Texture=RICH (6.15 bits), Contrast=HIGH
[INFO ] MoonFlower.Pipeline - Estimating spatial overlap between source and reference...
[INFO ] MoonFlower.Pipeline - Overlap Result: Unknown (Level 3: Unknown / Insufficient Information, Confidence: UNKNOWN)
[INFO ] MoonFlower.Pipeline - Applying 'CLAHE' illumination-invariant preprocessing...
[INFO ] MoonFlower.Pipeline - Executing 'SIFT' correspondence matching...
[INFO ] MoonFlower.Pipeline - Detected 353 tentative correspondences in 0.149s
[INFO ] MoonFlower.Pipeline - Performing geometric outlier rejection and model selection...
[INFO ] MoonFlower.Pipeline - Model Selection: SIMILARITY chosen via OpenCV_RANSAC. Reason: Selected SIMILARITY (4 DoF) as the simplest adequate model with RMSE=0.27px and 351 inliers.
[INFO ] MoonFlower.Pipeline - Geometric Verification: 351/353 inliers (99.4%)
[INFO ] MoonFlower.Pipeline - Applying Adaptive Spatial Match Balancer (6x6 grid)...
[INFO ] MoonFlower.Pipeline - Spatial Balancing: Uniformity 98.6% -> 98.6% (237 well-distributed points retained)
[INFO ] MoonFlower.Pipeline - Executing local patch NCC and 2D parabolic sub-pixel peak refinement...
[INFO ] MoonFlower.Pipeline - Sub-Pixel Refinement: 223/237 points refined. Mean adjustment: 0.684 px (Max: 1.473 px)
[INFO ] MoonFlower.Pipeline - Sub-pixel re-estimation succeeded: 237/237 inliers retained after sub-pixel geometric verification.
[INFO ] MoonFlower.Pipeline - Warping source raster into reference coordinate frame...
[INFO ] MoonFlower.Pipeline - Image warping completed. Mean absolute overlap difference: 20.97
[INFO ] MoonFlower.Pipeline - Explainable Quality Score: 93/100 (EXEMPLARY)
[INFO ] MoonFlower.Pipeline - Pipeline finished in 0.208s. Final Verified Inliers: 237/353 | RMSE: 0.766px
[INFO ] MoonFlower.Experiments - Recorded detailed experiment run artifact: C:\Users\ankit\AppData\Local\Temp\pytest-of-ankit\pytest-60\test_full_lifecycle_pipeline0\runs\run_20260917_174103_cb039f9f.json
[INFO ] MoonFlower.Experiments - Appended experiment run summary to CSV log: C:\Users\ankit\AppData\Local\Temp\pytest-of-ankit\pytest-60\test_full_lifecycle_pipeline0\results\experiments_log.csv
[INFO ] MoonFlower.Pipeline - Initiating registration pipeline: Source(128x128) -> Reference(128x128)
[INFO ] MoonFlower.Pipeline - Executing pre-matching radiometric & textural image quality analysis...
[INFO ] MoonFlower.Pipeline - Source Quality: Status=OPTIMAL, Texture=RICH (7.97 bits), Contrast=HIGH
[INFO ] MoonFlower.Pipeline - Reference Quality: Status=OPTIMAL, Texture=RICH (5.77 bits), Contrast=HIGH
[INFO ] MoonFlower.Pipeline - Estimating spatial overlap between source and reference...
[INFO ] MoonFlower.Pipeline - Overlap Result: Unknown (Level 3: Unknown / Insufficient Information, Confidence: UNKNOWN)
[INFO ] MoonFlower.Pipeline - Applying 'CLAHE' illumination-invariant preprocessing...
[INFO ] MoonFlower.Pipeline - Executing 'SIFT' correspondence matching...
[INFO ] MoonFlower.Pipeline - Detected 0 tentative correspondences in 0.042s
[INFO ] MoonFlower.Pipeline - CRITICAL: Insufficient correspondences (0 < 4) to estimate transformation.
[INFO ] MoonFlower.Pipeline - Initiating registration pipeline: Source(128x128) -> Reference(128x128)
[INFO ] MoonFlower.Pipeline - Executing pre-matching radiometric & textural image quality analysis...
[INFO ] MoonFlower.Pipeline - Source Quality: Status=OPTIMAL, Texture=RICH (6.57 bits), Contrast=HIGH
[INFO ] MoonFlower.Pipeline - Reference Quality: Status=OPTIMAL, Texture=RICH (5.77 bits), Contrast=HIGH
[INFO ] MoonFlower.Pipeline - Estimating spatial overlap between source and reference...
[INFO ] MoonFlower.Pipeline - Overlap Result: 83.1% (Level 2: Image-based approximate, Confidence: LOW)
[INFO ] MoonFlower.Pipeline - Applying 'CLAHE' illumination-invariant preprocessing...
[INFO ] MoonFlower.Pipeline - Executing 'SIFT' correspondence matching...
[INFO ] MoonFlower.Pipeline - Detected 110 tentative correspondences in 0.046s
[INFO ] MoonFlower.Pipeline - Performing geometric outlier rejection and model selection...
[INFO ] MoonFlower.Pipeline - Model Selection: SIMILARITY chosen via OpenCV_RANSAC. Reason: Selected SIMILARITY (4 DoF) as the simplest adequate model with RMSE=0.22px and 110 inliers.
[INFO ] MoonFlower.Pipeline - Geometric Verification: 110/110 inliers (100.0%)
[INFO ] MoonFlower.Pipeline - Applying Adaptive Spatial Match Balancer (6x6 grid)...
[INFO ] MoonFlower.Pipeline - Spatial Balancing: Uniformity 85.2% -> 86.8% (70 well-distributed points retained)
[INFO ] MoonFlower.Pipeline - Executing local patch NCC and 2D parabolic sub-pixel peak refinement...
[INFO ] MoonFlower.Pipeline - Sub-Pixel Refinement: 63/70 points refined. Mean adjustment: 0.734 px (Max: 1.496 px)
[INFO ] MoonFlower.Pipeline - Sub-pixel re-estimation succeeded: 70/70 inliers retained after sub-pixel geometric verification.
[INFO ] MoonFlower.Pipeline - Warping source raster into reference coordinate frame...
[INFO ] MoonFlower.Pipeline - Image warping completed. Mean absolute overlap difference: 17.33
[INFO ] MoonFlower.Pipeline - Explainable Quality Score: 92/100 (EXEMPLARY)
[INFO ] MoonFlower.Pipeline - Pipeline finished in 0.073s. Final Verified Inliers: 70/110 | RMSE: 0.754px
[INFO ] MoonFlower.LearnedFeatures - Local weights not found at D:\SIH\data\weights\superpoint.pth. Operating in honest classical fallback mode (GFTT corners + SIFT descriptors).
[INFO ] MoonFlower.Pipeline - Initiating registration pipeline: Source(256x256) -> Reference(256x256)
[INFO ] MoonFlower.Pipeline - Executing pre-matching radiometric & textural image quality analysis...
[INFO ] MoonFlower.Pipeline - Source Quality: Status=OPTIMAL, Texture=RICH (7.32 bits), Contrast=HIGH
[INFO ] MoonFlower.Pipeline - Reference Quality: Status=OPTIMAL, Texture=RICH (7.32 bits), Contrast=HIGH
[INFO ] MoonFlower.Pipeline - Estimating spatial overlap between source and reference...
[INFO ] MoonFlower.Pipeline - Overlap Result: Unknown (Level 3: Unknown / Insufficient Information, Confidence: UNKNOWN)
[INFO ] MoonFlower.Pipeline - Applying 'CLAHE' illumination-invariant preprocessing...
[INFO ] MoonFlower.Pipeline - Executing 'SIFT' correspondence matching...
[INFO ] MoonFlower.Pipeline - Detected 0 tentative correspondences in 0.094s
[INFO ] MoonFlower.Pipeline - CRITICAL: Insufficient correspondences (0 < 4) to estimate transformation.
[INFO ] MoonFlower.Experiments - Recorded detailed experiment run artifact: C:\Users\ankit\AppData\Local\Temp\pytest-of-ankit\pytest-60\test_experiment_tracker_basic0\runs\run_20260917_174104_7032369c.json
[INFO ] MoonFlower.Experiments - Appended experiment run summary to CSV log: C:\Users\ankit\AppData\Local\Temp\pytest-of-ankit\pytest-60\test_experiment_tracker_basic0\results\experiments_log.csv
[INFO ] MoonFlower.Pipeline - Initiating registration pipeline: Source(128x128) -> Reference(128x128)
[INFO ] MoonFlower.Pipeline - Executing pre-matching radiometric & textural image quality analysis...
[INFO ] MoonFlower.Pipeline - Source Quality: Status=OPTIMAL, Texture=RICH (6.57 bits), Contrast=HIGH
[INFO ] MoonFlower.Pipeline - Reference Quality: Status=OPTIMAL, Texture=RICH (5.77 bits), Contrast=HIGH
[INFO ] MoonFlower.Pipeline - Estimating spatial overlap between source and reference...
[INFO ] MoonFlower.Pipeline - Overlap Result: 83.1% (Level 2: Image-based approximate, Confidence: LOW)
[INFO ] MoonFlower.Pipeline - Applying 'CLAHE' illumination-invariant preprocessing...
[INFO ] MoonFlower.Pipeline - Executing 'SIFT' correspondence matching...
[INFO ] MoonFlower.Pipeline - Detected 110 tentative correspondences in 0.044s
[INFO ] MoonFlower.Pipeline - Performing geometric outlier rejection and model selection...
[INFO ] MoonFlower.Pipeline - Model Selection: SIMILARITY chosen via OpenCV_RANSAC. Reason: Selected SIMILARITY (4 DoF) as the simplest adequate model with RMSE=0.22px and 110 inliers.
[INFO ] MoonFlower.Pipeline - Geometric Verification: 110/110 inliers (100.0%)
[INFO ] MoonFlower.Pipeline - Applying Adaptive Spatial Match Balancer (6x6 grid)...
[INFO ] MoonFlower.Pipeline - Spatial Balancing: Uniformity 85.2% -> 86.8% (70 well-distributed points retained)
[INFO ] MoonFlower.Pipeline - Executing local patch NCC and 2D parabolic sub-pixel peak refinement...
[INFO ] MoonFlower.Pipeline - Sub-Pixel Refinement: 63/70 points refined. Mean adjustment: 0.734 px (Max: 1.496 px)
[INFO ] MoonFlower.Pipeline - Sub-pixel re-estimation succeeded: 70/70 inliers retained after sub-pixel geometric verification.
[INFO ] MoonFlower.Pipeline - Warping source raster into reference coordinate frame...
[INFO ] MoonFlower.Pipeline - Image warping completed. Mean absolute overlap difference: 17.32
[INFO ] MoonFlower.Pipeline - Explainable Quality Score: 92/100 (EXEMPLARY)
[INFO ] MoonFlower.Pipeline - Pipeline finished in 0.071s. Final Verified Inliers: 70/110 | RMSE: 0.754px
[INFO ] MoonFlower.Pipeline - Initiating registration pipeline: Source(256x256) -> Reference(256x256)
[INFO ] MoonFlower.Pipeline - Executing pre-matching radiometric & textural image quality analysis...
[INFO ] MoonFlower.Pipeline - Source Quality: Status=OPTIMAL, Texture=RICH (6.83 bits), Contrast=HIGH
[INFO ] MoonFlower.Pipeline - Reference Quality: Status=OPTIMAL, Texture=RICH (6.15 bits), Contrast=HIGH
[INFO ] MoonFlower.Pipeline - Estimating spatial overlap between source and reference...
[INFO ] MoonFlower.Pipeline - Overlap Result: Unknown (Level 3: Unknown / Insufficient Information, Confidence: UNKNOWN)
[INFO ] MoonFlower.Pipeline - Applying 'CLAHE' illumination-invariant preprocessing...
[INFO ] MoonFlower.Pipeline - Executing 'SIFT' correspondence matching...
[INFO ] MoonFlower.Pipeline - Detected 355 tentative correspondences in 0.195s
[INFO ] MoonFlower.Pipeline - Performing geometric outlier rejection and model selection...
[INFO ] MoonFlower.Pipeline - Model Selection: SIMILARITY chosen via OpenCV_RANSAC. Reason: Selected SIMILARITY (4 DoF) as the simplest adequate model with RMSE=0.27px and 353 inliers.
[INFO ] MoonFlower.Pipeline - Geometric Verification: 353/355 inliers (99.4%)
[INFO ] MoonFlower.Pipeline - Applying Adaptive Spatial Match Balancer (6x6 grid)...
[INFO ] MoonFlower.Pipeline - Spatial Balancing: Uniformity 98.6% -> 98.6% (238 well-distributed points retained)
[INFO ] MoonFlower.Pipeline - Executing local patch NCC and 2D parabolic sub-pixel peak refinement...
[INFO ] MoonFlower.Pipeline - Sub-Pixel Refinement: 223/238 points refined. Mean adjustment: 0.685 px (Max: 1.473 px)
[INFO ] MoonFlower.Pipeline - Sub-pixel re-estimation succeeded: 237/238 inliers retained after sub-pixel geometric verification.
[INFO ] MoonFlower.Pipeline - Warping source raster into reference coordinate frame...
[INFO ] MoonFlower.Pipeline - Image warping completed. Mean absolute overlap difference: 20.99
[INFO ] MoonFlower.Pipeline - Explainable Quality Score: 93/100 (EXEMPLARY)
[INFO ] MoonFlower.Pipeline - Pipeline finished in 0.252s. Final Verified Inliers: 237/355 | RMSE: 0.765px
[INFO ] MoonFlower.Pipeline - Initiating registration pipeline: Source(256x256) -> Reference(256x256)
[INFO ] MoonFlower.Pipeline - Executing pre-matching radiometric & textural image quality analysis...
[INFO ] MoonFlower.Pipeline - Source Quality: Status=OPTIMAL, Texture=RICH (6.76 bits), Contrast=HIGH
[INFO ] MoonFlower.Pipeline - Reference Quality: Status=OPTIMAL, Texture=RICH (5.94 bits), Contrast=HIGH
[INFO ] MoonFlower.Pipeline - Estimating spatial overlap between source and reference...
[INFO ] MoonFlower.Pipeline - Overlap Result: Unknown (Level 3: Unknown / Insufficient Information, Confidence: UNKNOWN)
[INFO ] MoonFlower.Pipeline - Applying 'CLAHE' illumination-invariant preprocessing...
[INFO ] MoonFlower.Pipeline - Executing 'SIFT' correspondence matching...
[INFO ] MoonFlower.Pipeline - Detected 256 tentative correspondences in 0.138s
[INFO ] MoonFlower.Pipeline - Performing geometric outlier rejection and model selection...
[INFO ] MoonFlower.Pipeline - Model Selection: SIMILARITY chosen via OpenCV_RANSAC. Reason: Selected SIMILARITY (4 DoF) as the simplest adequate model with RMSE=0.31px and 255 inliers.
[INFO ] MoonFlower.Pipeline - Geometric Verification: 255/256 inliers (99.6%)
[INFO ] MoonFlower.Pipeline - Applying Adaptive Spatial Match Balancer (6x6 grid)...
[INFO ] MoonFlower.Pipeline - Spatial Balancing: Uniformity 78.9% -> 79.7% (181 well-distributed points retained)
[INFO ] MoonFlower.Pipeline - Executing local patch NCC and 2D parabolic sub-pixel peak refinement...
[INFO ] MoonFlower.Pipeline - Sub-Pixel Refinement: 71/181 points refined. Mean adjustment: 0.887 px (Max: 1.401 px)
[INFO ] MoonFlower.Pipeline - Sub-pixel re-estimation succeeded: 181/181 inliers retained after sub-pixel geometric verification.
[INFO ] MoonFlower.Pipeline - Warping source raster into reference coordinate frame...
[INFO ] MoonFlower.Pipeline - Image warping completed. Mean absolute overlap difference: 29.70
[INFO ] MoonFlower.Pipeline - Explainable Quality Score: 95/100 (EXEMPLARY)
[INFO ] MoonFlower.Pipeline - Pipeline finished in 0.203s. Final Verified Inliers: 181/256 | RMSE: 0.676px
[INFO ] MoonFlower.Pipeline - Initiating registration pipeline: Source(256x256) -> Reference(256x256)
[INFO ] MoonFlower.Pipeline - Executing pre-matching radiometric & textural image quality analysis...
[INFO ] MoonFlower.Pipeline - Source Quality: Status=OPTIMAL, Texture=RICH (6.83 bits), Contrast=HIGH
[INFO ] MoonFlower.Pipeline - Reference Quality: Status=OPTIMAL, Texture=RICH (6.15 bits), Contrast=HIGH
[INFO ] MoonFlower.Pipeline - Estimating spatial overlap between source and reference...
[INFO ] MoonFlower.Pipeline - Overlap Result: Unknown (Level 3: Unknown / Insufficient Information, Confidence: UNKNOWN)
[INFO ] MoonFlower.Pipeline - Applying 'GRADIENT' illumination-invariant preprocessing...
[INFO ] MoonFlower.Pipeline - Executing 'SIFT' correspondence matching...
[INFO ] MoonFlower.Pipeline - Detected 17 tentative correspondences in 0.155s
[INFO ] MoonFlower.Pipeline - Performing geometric outlier rejection and model selection...
[INFO ] MoonFlower.Pipeline - Model Selection: SIMILARITY chosen via OpenCV_RANSAC. Reason: Selected SIMILARITY (4 DoF) as the simplest adequate model with RMSE=0.79px and 17 inliers.
[INFO ] MoonFlower.Pipeline - Geometric Verification: 17/17 inliers (100.0%)
[INFO ] MoonFlower.Pipeline - Applying Adaptive Spatial Match Balancer (6x6 grid)...
[INFO ] MoonFlower.Pipeline - Spatial Balancing: Uniformity 20.0% -> 19.9% (16 well-distributed points retained)
[INFO ] MoonFlower.Pipeline - Executing local patch NCC and 2D parabolic sub-pixel peak refinement...
[INFO ] MoonFlower.Pipeline - Sub-Pixel Refinement: 14/16 points refined. Mean adjustment: 0.917 px (Max: 1.418 px)
[INFO ] MoonFlower.Pipeline - Sub-pixel re-estimation succeeded: 15/16 inliers retained after sub-pixel geometric verification.
[INFO ] MoonFlower.Pipeline - Warping source raster into reference coordinate frame...
[INFO ] MoonFlower.Pipeline - Image warping completed. Mean absolute overlap difference: 88.31
[INFO ] MoonFlower.Pipeline - Explainable Quality Score: 67/100 (ACCEPTABLE)
[INFO ] MoonFlower.Pipeline - Pipeline finished in 0.189s. Final Verified Inliers: 15/17 | RMSE: 1.179px
[INFO ] MoonFlower.Pipeline - Initiating registration pipeline: Source(256x256) -> Reference(256x256)
[INFO ] MoonFlower.Pipeline - Executing pre-matching radiometric & textural image quality analysis...
[INFO ] MoonFlower.Pipeline - Source Quality: Status=OPTIMAL, Texture=RICH (6.83 bits), Contrast=HIGH
[INFO ] MoonFlower.Pipeline - Reference Quality: Status=OPTIMAL, Texture=RICH (6.15 bits), Contrast=HIGH
[INFO ] MoonFlower.Pipeline - Estimating spatial overlap between source and reference...
[INFO ] MoonFlower.Pipeline - Overlap Result: Unknown (Level 3: Unknown / Insufficient Information, Confidence: UNKNOWN)
[INFO ] MoonFlower.Pipeline - Applying 'CLAHE' illumination-invariant preprocessing...
[INFO ] MoonFlower.Pipeline - Executing 'SIFT' correspondence matching...
[INFO ] MoonFlower.Pipeline - Detected 353 tentative correspondences in 0.326s
[INFO ] MoonFlower.Pipeline - Performing geometric outlier rejection and model selection...
[INFO ] MoonFlower.Pipeline - Model Selection: SIMILARITY chosen via OpenCV_RANSAC. Reason: Selected SIMILARITY (4 DoF) as the simplest adequate model with RMSE=0.27px and 350 inliers.
[INFO ] MoonFlower.Pipeline - Geometric Verification: 350/353 inliers (99.2%)
[INFO ] MoonFlower.Pipeline - Applying Adaptive Spatial Match Balancer (6x6 grid)...
[INFO ] MoonFlower.Pipeline - Spatial Balancing: Uniformity 98.6% -> 98.6% (237 well-distributed points retained)
[INFO ] MoonFlower.Pipeline - Executing local patch NCC and 2D parabolic sub-pixel peak refinement...
[INFO ] MoonFlower.Pipeline - Sub-Pixel Refinement: 223/237 points refined. Mean adjustment: 0.684 px (Max: 1.473 px)
[INFO ] MoonFlower.Pipeline - Sub-pixel re-estimation succeeded: 237/237 inliers retained after sub-pixel geometric verification.
[INFO ] MoonFlower.Pipeline - Warping source raster into reference coordinate frame...
[INFO ] MoonFlower.Pipeline - Image warping completed. Mean absolute overlap difference: 20.97
[INFO ] MoonFlower.Pipeline - Explainable Quality Score: 93/100 (EXEMPLARY)
[INFO ] MoonFlower.Pipeline - Pipeline finished in 0.377s. Final Verified Inliers: 237/353 | RMSE: 0.766px
[INFO ] MoonFlower.Pipeline - Initiating registration pipeline: Source(256x256) -> Reference(256x256)
[INFO ] MoonFlower.Pipeline - Executing pre-matching radiometric & textural image quality analysis...
[INFO ] MoonFlower.Pipeline - Source Quality: Status=OPTIMAL, Texture=RICH (6.83 bits), Contrast=HIGH
[INFO ] MoonFlower.Pipeline - Reference Quality: Status=OPTIMAL, Texture=RICH (6.15 bits), Contrast=HIGH
[INFO ] MoonFlower.Pipeline - Estimating spatial overlap between source and reference...
[INFO ] MoonFlower.Pipeline - Overlap Result: Unknown (Level 3: Unknown / Insufficient Information, Confidence: UNKNOWN)
[INFO ] MoonFlower.Pipeline - Applying 'CLAHE' illumination-invariant preprocessing...
[INFO ] MoonFlower.Pipeline - Executing 'SIFT' correspondence matching...
[INFO ] MoonFlower.Pipeline - Detected 354 tentative correspondences in 0.145s
[INFO ] MoonFlower.Pipeline - Performing geometric outlier rejection and model selection...
[INFO ] MoonFlower.Pipeline - Model Selection: SIMILARITY chosen via OpenCV_RANSAC. Reason: Selected SIMILARITY (4 DoF) as the simplest adequate model with RMSE=0.27px and 352 inliers.
[INFO ] MoonFlower.Pipeline - Geometric Verification: 352/354 inliers (99.4%)
[INFO ] MoonFlower.Pipeline - Applying Adaptive Spatial Match Balancer (6x6 grid)...
[INFO ] MoonFlower.Pipeline - Spatial Balancing: Uniformity 98.5% -> 98.6% (237 well-distributed points retained)
[INFO ] MoonFlower.Pipeline - Executing local patch NCC and 2D parabolic sub-pixel peak refinement...
[INFO ] MoonFlower.Pipeline - Sub-Pixel Refinement: 223/237 points refined. Mean adjustment: 0.684 px (Max: 1.473 px)
[INFO ] MoonFlower.Pipeline - Sub-pixel re-estimation succeeded: 237/237 inliers retained after sub-pixel geometric verification.
[INFO ] MoonFlower.Pipeline - Warping source raster into reference coordinate frame...
[INFO ] MoonFlower.Pipeline - Image warping completed. Mean absolute overlap difference: 20.97
[INFO ] MoonFlower.Pipeline - Explainable Quality Score: 93/100 (EXEMPLARY)
[INFO ] MoonFlower.Pipeline - Pipeline finished in 0.194s. Final Verified Inliers: 237/354 | RMSE: 0.766px
[INFO ] MoonFlower.Pipeline - Initiating registration pipeline: Source(256x256) -> Reference(256x256)
[INFO ] MoonFlower.Pipeline - Executing pre-matching radiometric & textural image quality analysis...
[INFO ] MoonFlower.Pipeline - Source Quality: Status=OPTIMAL, Texture=RICH (6.83 bits), Contrast=HIGH
[INFO ] MoonFlower.Pipeline - Reference Quality: Status=OPTIMAL, Texture=RICH (6.15 bits), Contrast=HIGH
[INFO ] MoonFlower.Pipeline - Estimating spatial overlap between source and reference...
[INFO ] MoonFlower.Pipeline - Overlap Result: Unknown (Level 3: Unknown / Insufficient Information, Confidence: UNKNOWN)
[INFO ] MoonFlower.Pipeline - Applying 'CLAHE' illumination-invariant preprocessing...
[INFO ] MoonFlower.Pipeline - Executing 'SIFT' correspondence matching...
[INFO ] MoonFlower.Pipeline - Detected 353 tentative correspondences in 0.153s
[INFO ] MoonFlower.Pipeline - Performing geometric outlier rejection and model selection...
[INFO ] MoonFlower.Pipeline - Model Selection: SIMILARITY chosen via OpenCV_RANSAC. Reason: Selected SIMILARITY (4 DoF) as the simplest adequate model with RMSE=0.29px and 351 inliers.
[INFO ] MoonFlower.Pipeline - Geometric Verification: 351/353 inliers (99.4%)
[INFO ] MoonFlower.Pipeline - Applying Adaptive Spatial Match Balancer (6x6 grid)...
[INFO ] MoonFlower.Pipeline - Spatial Balancing: Uniformity 98.6% -> 98.6% (238 well-distributed points retained)
[INFO ] MoonFlower.Pipeline - Executing local patch NCC and 2D parabolic sub-pixel peak refinement...
[INFO ] MoonFlower.Pipeline - Sub-Pixel Refinement: 223/238 points refined. Mean adjustment: 0.684 px (Max: 1.473 px)
[INFO ] MoonFlower.Pipeline - Sub-pixel re-estimation succeeded: 238/238 inliers retained after sub-pixel geometric verification.
[INFO ] MoonFlower.Pipeline - Warping source raster into reference coordinate frame...
[INFO ] MoonFlower.Pipeline - Image warping completed. Mean absolute overlap difference: 20.96
[INFO ] MoonFlower.Pipeline - Explainable Quality Score: 93/100 (EXEMPLARY)
[INFO ] MoonFlower.Pipeline - Pipeline finished in 0.203s. Final Verified Inliers: 238/353 | RMSE: 0.775px
[INFO ] MoonFlower.Pipeline - Initiating registration pipeline: Source(256x256) -> Reference(256x256)
[INFO ] MoonFlower.Pipeline - Executing pre-matching radiometric & textural image quality analysis...
[INFO ] MoonFlower.Pipeline - Source Quality: Status=OPTIMAL, Texture=RICH (6.83 bits), Contrast=HIGH
[INFO ] MoonFlower.Pipeline - Reference Quality: Status=OPTIMAL, Texture=RICH (6.15 bits), Contrast=HIGH
[INFO ] MoonFlower.Pipeline - Estimating spatial overlap between source and reference...
[INFO ] MoonFlower.Pipeline - Overlap Result: Unknown (Level 3: Unknown / Insufficient Information, Confidence: UNKNOWN)
[INFO ] MoonFlower.Pipeline - Applying 'CLAHE' illumination-invariant preprocessing...
[INFO ] MoonFlower.Pipeline - Executing 'SIFT' correspondence matching...
[INFO ] MoonFlower.Pipeline - Detected 352 tentative correspondences in 0.142s
[INFO ] MoonFlower.Pipeline - Performing geometric outlier rejection and model selection...
[INFO ] MoonFlower.Pipeline - Model Selection: SIMILARITY chosen via OpenCV_RANSAC. Reason: Selected SIMILARITY (4 DoF) as the simplest adequate model with RMSE=0.27px and 350 inliers.
[INFO ] MoonFlower.Pipeline - Geometric Verification: 350/352 inliers (99.4%)
[INFO ] MoonFlower.Pipeline - Applying Adaptive Spatial Match Balancer (6x6 grid)...
[INFO ] MoonFlower.Pipeline - Spatial Balancing: Uniformity 98.6% -> 98.6% (237 well-distributed points retained)
[INFO ] MoonFlower.Pipeline - Executing local patch NCC and 2D parabolic sub-pixel peak refinement...
[INFO ] MoonFlower.Pipeline - Sub-Pixel Refinement: 223/237 points refined. Mean adjustment: 0.684 px (Max: 1.473 px)
[INFO ] MoonFlower.Pipeline - Sub-pixel re-estimation succeeded: 237/237 inliers retained after sub-pixel geometric verification.
[INFO ] MoonFlower.Pipeline - Warping source raster into reference coordinate frame...
[INFO ] MoonFlower.Pipeline - Image warping completed. Mean absolute overlap difference: 20.97
[INFO ] MoonFlower.Pipeline - Explainable Quality Score: 93/100 (EXEMPLARY)
[INFO ] MoonFlower.Pipeline - Pipeline finished in 0.192s. Final Verified Inliers: 237/352 | RMSE: 0.766px
[INFO ] MoonFlower.Pipeline - Initiating registration pipeline: Source(256x256) -> Reference(256x256)
[INFO ] MoonFlower.Pipeline - Executing pre-matching radiometric & textural image quality analysis...
[INFO ] MoonFlower.Pipeline - Source Quality: Status=OPTIMAL, Texture=RICH (6.83 bits), Contrast=HIGH
[INFO ] MoonFlower.Pipeline - Reference Quality: Status=OPTIMAL, Texture=RICH (6.15 bits), Contrast=HIGH
[INFO ] MoonFlower.Pipeline - Estimating spatial overlap between source and reference...
[INFO ] MoonFlower.Pipeline - Overlap Result: Unknown (Level 3: Unknown / Insufficient Information, Confidence: UNKNOWN)
[INFO ] MoonFlower.Pipeline - Applying 'CLAHE' illumination-invariant preprocessing...
[INFO ] MoonFlower.Pipeline - Executing 'SIFT' correspondence matching...
[INFO ] MoonFlower.Pipeline - Detected 353 tentative correspondences in 0.154s
[INFO ] MoonFlower.Pipeline - Performing geometric outlier rejection and model selection...
[INFO ] MoonFlower.Pipeline - Model Selection: SIMILARITY chosen via OpenCV_RANSAC. Reason: Selected SIMILARITY (4 DoF) as the simplest adequate model with RMSE=0.27px and 351 inliers.
[INFO ] MoonFlower.Pipeline - Geometric Verification: 351/353 inliers (99.4%)
[INFO ] MoonFlower.Pipeline - Applying Adaptive Spatial Match Balancer (6x6 grid)...
[INFO ] MoonFlower.Pipeline - Spatial Balancing: Uniformity 98.6% -> 98.6% (237 well-distributed points retained)
[INFO ] MoonFlower.Pipeline - Executing local patch NCC and 2D parabolic sub-pixel peak refinement...
[INFO ] MoonFlower.Pipeline - Sub-Pixel Refinement: 223/237 points refined. Mean adjustment: 0.684 px (Max: 1.473 px)
[INFO ] MoonFlower.Pipeline - Sub-pixel re-estimation succeeded: 237/237 inliers retained after sub-pixel geometric verification.
[INFO ] MoonFlower.Pipeline - Warping source raster into reference coordinate frame...
[INFO ] MoonFlower.Pipeline - Image warping completed. Mean absolute overlap difference: 20.97
[INFO ] MoonFlower.Pipeline - Explainable Quality Score: 93/100 (EXEMPLARY)
[INFO ] MoonFlower.Pipeline - Pipeline finished in 0.203s. Final Verified Inliers: 237/353 | RMSE: 0.766px
[INFO ] MoonFlower.Pipeline - Initiating registration pipeline: Source(256x256) -> Reference(256x256)
[INFO ] MoonFlower.Pipeline - Executing pre-matching radiometric & textural image quality analysis...
[INFO ] MoonFlower.Pipeline - Source Quality: Status=OPTIMAL, Texture=RICH (6.83 bits), Contrast=HIGH
[INFO ] MoonFlower.Pipeline - Reference Quality: Status=OPTIMAL, Texture=RICH (6.15 bits), Contrast=HIGH
[INFO ] MoonFlower.Pipeline - Estimating spatial overlap between source and reference...
[INFO ] MoonFlower.Pipeline - Overlap Result: Unknown (Level 3: Unknown / Insufficient Information, Confidence: UNKNOWN)
[INFO ] MoonFlower.Pipeline - Applying 'CLAHE' illumination-invariant preprocessing...
[INFO ] MoonFlower.Pipeline - Executing 'SIFT' correspondence matching...
[INFO ] MoonFlower.Pipeline - Detected 354 tentative correspondences in 0.146s
[INFO ] MoonFlower.Pipeline - Performing geometric outlier rejection and model selection...
[INFO ] MoonFlower.Pipeline - Model Selection: SIMILARITY chosen via OpenCV_RANSAC. Reason: Selected SIMILARITY (4 DoF) as the simplest adequate model with RMSE=0.27px and 352 inliers.
[INFO ] MoonFlower.Pipeline - Geometric Verification: 352/354 inliers (99.4%)
[INFO ] MoonFlower.Pipeline - Applying Adaptive Spatial Match Balancer (6x6 grid)...
[INFO ] MoonFlower.Pipeline - Spatial Balancing: Uniformity 98.5% -> 98.6% (237 well-distributed points retained)
[INFO ] MoonFlower.Pipeline - Executing local patch NCC and 2D parabolic sub-pixel peak refinement...
[INFO ] MoonFlower.Pipeline - Sub-Pixel Refinement: 223/237 points refined. Mean adjustment: 0.684 px (Max: 1.473 px)
[INFO ] MoonFlower.Pipeline - Sub-pixel re-estimation succeeded: 230/237 inliers retained after sub-pixel geometric verification.
[INFO ] MoonFlower.Pipeline - Warping source raster into reference coordinate frame...
[INFO ] MoonFlower.Pipeline - Image warping completed. Mean absolute overlap difference: 21.19
[INFO ] MoonFlower.Pipeline - Explainable Quality Score: 93/100 (EXEMPLARY)
[INFO ] MoonFlower.Pipeline - Pipeline finished in 0.194s. Final Verified Inliers: 230/354 | RMSE: 0.753px
[INFO ] MoonFlower.Pipeline - Initiating registration pipeline: Source(256x256) -> Reference(256x256)
[INFO ] MoonFlower.Pipeline - Executing pre-matching radiometric & textural image quality analysis...
[INFO ] MoonFlower.Pipeline - Source Quality: Status=OPTIMAL, Texture=RICH (6.83 bits), Contrast=HIGH
[INFO ] MoonFlower.Pipeline - Reference Quality: Status=OPTIMAL, Texture=RICH (6.15 bits), Contrast=HIGH
[INFO ] MoonFlower.Pipeline - Estimating spatial overlap between source and reference...
[INFO ] MoonFlower.Pipeline - Overlap Result: Unknown (Level 3: Unknown / Insufficient Information, Confidence: UNKNOWN)
[INFO ] MoonFlower.Pipeline - Applying 'CLAHE' illumination-invariant preprocessing...
[INFO ] MoonFlower.Pipeline - Executing 'SIFT' correspondence matching...
[INFO ] MoonFlower.Pipeline - Detected 353 tentative correspondences in 0.202s
[INFO ] MoonFlower.Pipeline - Performing geometric outlier rejection and model selection...
[INFO ] MoonFlower.Pipeline - Model Selection: SIMILARITY chosen via OpenCV_RANSAC. Reason: Selected SIMILARITY (4 DoF) as the simplest adequate model with RMSE=0.27px and 350 inliers.
[INFO ] MoonFlower.Pipeline - Geometric Verification: 350/353 inliers (99.2%)
[INFO ] MoonFlower.Pipeline - Applying Adaptive Spatial Match Balancer (6x6 grid)...
[INFO ] MoonFlower.Pipeline - Spatial Balancing: Uniformity 98.6% -> 98.6% (237 well-distributed points retained)
[INFO ] MoonFlower.Pipeline - Executing local patch NCC and 2D parabolic sub-pixel peak refinement...
[INFO ] MoonFlower.Pipeline - Sub-Pixel Refinement: 223/237 points refined. Mean adjustment: 0.684 px (Max: 1.473 px)
[INFO ] MoonFlower.Pipeline - Sub-pixel re-estimation succeeded: 237/237 inliers retained after sub-pixel geometric verification.
[INFO ] MoonFlower.Pipeline - Warping source raster into reference coordinate frame...
[INFO ] MoonFlower.Pipeline - Image warping completed. Mean absolute overlap difference: 20.97
[INFO ] MoonFlower.Pipeline - Explainable Quality Score: 93/100 (EXEMPLARY)
[INFO ] MoonFlower.Pipeline - Pipeline finished in 0.297s. Final Verified Inliers: 237/353 | RMSE: 0.766px
[INFO ] MoonFlower.Pipeline - Initiating registration pipeline: Source(256x256) -> Reference(256x256)
[INFO ] MoonFlower.Pipeline - Executing pre-matching radiometric & textural image quality analysis...
[INFO ] MoonFlower.Pipeline - Source Quality: Status=OPTIMAL, Texture=RICH (6.83 bits), Contrast=HIGH
[INFO ] MoonFlower.Pipeline - Reference Quality: Status=OPTIMAL, Texture=RICH (6.15 bits), Contrast=HIGH
[INFO ] MoonFlower.Pipeline - Estimating spatial overlap between source and reference...
[INFO ] MoonFlower.Pipeline - Overlap Result: Unknown (Level 3: Unknown / Insufficient Information, Confidence: UNKNOWN)
[INFO ] MoonFlower.Pipeline - Applying 'CLAHE' illumination-invariant preprocessing...
[INFO ] MoonFlower.Pipeline - Executing 'SIFT' correspondence matching...
[INFO ] MoonFlower.Pipeline - Detected 354 tentative correspondences in 0.202s
[INFO ] MoonFlower.Pipeline - Performing geometric outlier rejection and model selection...
[INFO ] MoonFlower.Pipeline - Model Selection: SIMILARITY chosen via OpenCV_RANSAC. Reason: Selected SIMILARITY (4 DoF) as the simplest adequate model with RMSE=0.27px and 352 inliers.
[INFO ] MoonFlower.Pipeline - Geometric Verification: 352/354 inliers (99.4%)
[INFO ] MoonFlower.Pipeline - Applying Adaptive Spatial Match Balancer (6x6 grid)...
[INFO ] MoonFlower.Pipeline - Spatial Balancing: Uniformity 98.6% -> 98.6% (237 well-distributed points retained)
[INFO ] MoonFlower.Pipeline - Warping source raster into reference coordinate frame...
[INFO ] MoonFlower.Pipeline - Image warping completed. Mean absolute overlap difference: 21.08
[INFO ] MoonFlower.Pipeline - Explainable Quality Score: 95/100 (EXEMPLARY)
[INFO ] MoonFlower.Pipeline - Pipeline finished in 0.263s. Final Verified Inliers: 237/354 | RMSE: 0.243px
[INFO ] MoonFlower.Pipeline - Initiating registration pipeline: Source(256x256) -> Reference(256x256)
[INFO ] MoonFlower.Pipeline - Executing pre-matching radiometric & textural image quality analysis...
[INFO ] MoonFlower.Pipeline - Source Quality: Status=OPTIMAL, Texture=RICH (6.83 bits), Contrast=HIGH
[INFO ] MoonFlower.Pipeline - Reference Quality: Status=OPTIMAL, Texture=RICH (6.15 bits), Contrast=HIGH
[INFO ] MoonFlower.Pipeline - Estimating spatial overlap between source and reference...
[INFO ] MoonFlower.Pipeline - Overlap Result: Unknown (Level 3: Unknown / Insufficient Information, Confidence: UNKNOWN)
[INFO ] MoonFlower.Pipeline - Applying 'CLAHE' illumination-invariant preprocessing...
[INFO ] MoonFlower.Pipeline - Executing 'SIFT' correspondence matching...
[INFO ] MoonFlower.Pipeline - Detected 353 tentative correspondences in 0.170s
[INFO ] MoonFlower.Pipeline - Performing geometric outlier rejection and model selection...
[INFO ] MoonFlower.Pipeline - Model Selection: SIMILARITY chosen via OpenCV_RANSAC. Reason: Selected SIMILARITY (4 DoF) as the simplest adequate model with RMSE=0.27px and 350 inliers.
[INFO ] MoonFlower.Pipeline - Geometric Verification: 350/353 inliers (99.2%)
[INFO ] MoonFlower.Pipeline - Executing local patch NCC and 2D parabolic sub-pixel peak refinement...
[INFO ] MoonFlower.Pipeline - Sub-Pixel Refinement: 323/350 points refined. Mean adjustment: 0.691 px (Max: 1.491 px)
[INFO ] MoonFlower.Pipeline - Sub-pixel re-estimation succeeded: 350/350 inliers retained after sub-pixel geometric verification.
[INFO ] MoonFlower.Pipeline - Warping source raster into reference coordinate frame...
[INFO ] MoonFlower.Pipeline - Image warping completed. Mean absolute overlap difference: 21.08
[INFO ] MoonFlower.Pipeline - Explainable Quality Score: 98/100 (EXEMPLARY)
[INFO ] MoonFlower.Pipeline - Pipeline finished in 0.222s. Final Verified Inliers: 350/353 | RMSE: 0.770px
[INFO ] MoonFlower.Pipeline - Initiating registration pipeline: Source(256x256) -> Reference(256x256)
[INFO ] MoonFlower.Pipeline - Executing pre-matching radiometric & textural image quality analysis...
[INFO ] MoonFlower.Pipeline - Source Quality: Status=OPTIMAL, Texture=RICH (6.83 bits), Contrast=HIGH
[INFO ] MoonFlower.Pipeline - Reference Quality: Status=OPTIMAL, Texture=RICH (6.15 bits), Contrast=HIGH
[INFO ] MoonFlower.Pipeline - Estimating spatial overlap between source and reference...
[INFO ] MoonFlower.Pipeline - Overlap Result: Unknown (Level 3: Unknown / Insufficient Information, Confidence: UNKNOWN)
[INFO ] MoonFlower.Pipeline - Applying 'CLAHE' illumination-invariant preprocessing...
[INFO ] MoonFlower.Pipeline - Executing 'SIFT' correspondence matching...
[INFO ] MoonFlower.Pipeline - Detected 353 tentative correspondences in 0.144s
[INFO ] MoonFlower.Pipeline - Performing geometric outlier rejection and model selection...
[INFO ] MoonFlower.Pipeline - Model Selection: SIMILARITY chosen via OpenCV_RANSAC. Reason: Selected SIMILARITY (4 DoF) as the simplest adequate model with RMSE=0.27px and 351 inliers.
[INFO ] MoonFlower.Pipeline - Geometric Verification: 351/353 inliers (99.4%)
[INFO ] MoonFlower.Pipeline - Applying Adaptive Spatial Match Balancer (6x6 grid)...
[INFO ] MoonFlower.Pipeline - Spatial Balancing: Uniformity 98.6% -> 98.6% (237 well-distributed points retained)
[INFO ] MoonFlower.Pipeline - Executing local patch NCC and 2D parabolic sub-pixel peak refinement...
[INFO ] MoonFlower.Pipeline - Sub-Pixel Refinement: 223/237 points refined. Mean adjustment: 0.684 px (Max: 1.473 px)
[INFO ] MoonFlower.Pipeline - Sub-pixel re-estimation succeeded: 237/237 inliers retained after sub-pixel geometric verification.
[INFO ] MoonFlower.Pipeline - Warping source raster into reference coordinate frame...
[INFO ] MoonFlower.Pipeline - Image warping completed. Mean absolute overlap difference: 20.97
[INFO ] MoonFlower.Pipeline - Explainable Quality Score: 93/100 (EXEMPLARY)
[INFO ] MoonFlower.Pipeline - Pipeline finished in 0.195s. Final Verified Inliers: 237/353 | RMSE: 0.766px
